98.19.220.4 - - [02/Sep/2016:23:38:17 -0400] "GET /webwork2/mat125_AB_FA_2016/mat125hw_1-4/15/?effectiveUser=blakee&key=P66gCncNysYKxd3YjwKXiMgVnPmYEuqV&user=blakee HTTP/1.1" 200 6348 "http://webwork.georgetowncollege.edu/webwork2/mat125_AB_FA_2016/mat125hw_1-4/13/?key=P66gCncNysYKxd3YjwKXiMgVnPmYEuqV&user=blakee&effectiveUser=blakee" "Mozilla/5.0 (Windows NT 10.0; WOW64; rv:47.0) Gecko/20100101 Firefox/47.0"
98.19.220.4 - - [02/Sep/2016:23:38:17 -0400] "GET /webwork2/mat125_AB_FA_2016/mat125hw_1-2/?effectiveUser=harrisons&key=scuMuZICWDyOoEMmVOrvJGkSL3l6yycL&user=harrisons HTTP/1.1" 200 4392 "http://webwork.georgetowncollege.edu/webwork2/mat125_AB_FA_2016/mat125hw_1-1/?key=scuMuZICWDyOoEMmVOrvJGkSL3l6yycL&user=harrisons&effectiveUser=harrisons" "Mozilla/5.0 (Macintosh; Intel Mac OS X 10_11_4) AppleWebKit/601.5.17 (KHTML, like Gecko) Version/9.1 Safari/601.5.17"
98.19.220.4 - - [02/Sep/2016:23:38:18 -0400] "POST /webwork2/mat125_AB_FA_2016/mat125hw_1-6/8/ HTTP/1.1" 200 5367 "http://webwork.georgetowncollege.edu/webwork2/mat125_AB_FA_2016/mat125hw_1-6/8/" "Mozilla/5.0 (Windows NT 10.0; Win64; x64) AppleWebKit/537.36 (KHTML, like Gecko) Chrome/52.0.2743.116 Safari/537.36"
98.19.220.4 - - [02/Sep/2016:23:38:21 -0400] "GET /webwork2/mat125_AB_FA_2016/mat125hw_1-3/?effectiveUser=harrisons&key=scuMuZICWDyOoEMmVOrvJGkSL3l6yycL&user=harrisons HTTP/1.1" 200 4413 "http://webwork.georgetowncollege.edu/webwork2/mat125_AB_FA_2016/mat125hw_1-2/?effectiveUser=harrisons&key=scuMuZICWDyOoEMmVOrvJGkSL3l6yycL&user=harrisons" "Mozilla/5.0 (Macintosh; Intel Mac OS X 10_11_4) AppleWebKit/601.5.17 (KHTML, like Gecko) Version/9.1 Safari/601.5.17"
98.19.220.4 - - [02/Sep/2016:23:38:25 -0400] "GET /webwork2/mat125_AB_FA_2016/?effectiveUser=blakee&user=blakee&key=P66gCncNysYKxd3YjwKXiMgVnPmYEuqV HTTP/1.1" 200 4260 "http://webwork.georgetowncollege.edu/webwork2/mat125_AB_FA_2016/mat125hw_1-4/15/?effectiveUser=blakee&key=P66gCncNysYKxd3YjwKXiMgVnPmYEuqV&user=blakee" "Mozilla/5.0 (Windows NT 10.0; WOW64; rv:47.0) Gecko/20100101 Firefox/47.0"
98.19.220.4 - - [02/Sep/2016:23:38:26 -0400] "GET /webwork2/mat125_AB_FA_2016/mat125hw_1-4/?key=scuMuZICWDyOoEMmVOrvJGkSL3l6yycL&user=harrisons&effectiveUser=harrisons HTTP/1.1" 200 4519 "http://webwork.georgetowncollege.edu/webwork2/mat125_AB_FA_2016/mat125hw_1-3/?effectiveUser=harrisons&key=scuMuZICWDyOoEMmVOrvJGkSL3l6yycL&user=harrisons" "Mozilla/5.0 (Macintosh; Intel Mac OS X 10_11_4) AppleWebKit/601.5.17 (KHTML, like Gecko) Version/9.1 Safari/601.5.17"
98.19.220.4 - - [02/Sep/2016:23:38:29 -0400] "GET /webwork2/mat125_AB_FA_2016/mat125hw_1-5/?key=P66gCncNysYKxd3YjwKXiMgVnPmYEuqV&user=blakee&effectiveUser=blakee HTTP/1.1" 200 4376 "http://webwork.georgetowncollege.edu/webwork2/mat125_AB_FA_2016/?effectiveUser=blakee&user=blakee&key=P66gCncNysYKxd3YjwKXiMgVnPmYEuqV" "Mozilla/5.0 (Windows NT 10.0; WOW64; rv:47.0) Gecko/20100101 Firefox/47.0"
98.19.220.4 - - [02/Sep/2016:23:38:33 -0400] "GET /webwork2/mat125_AB_FA_2016/mat125hw_1-5/?key=scuMuZICWDyOoEMmVOrvJGkSL3l6yycL&user=harrisons&effectiveUser=harrisons HTTP/1.1" 200 4386 "http://webwork.georgetowncollege.edu/webwork2/mat125_AB_FA_2016/mat125hw_1-4/?key=scuMuZICWDyOoEMmVOrvJGkSL3l6yycL&user=harrisons&effectiveUser=harrisons" "Mozilla/5.0 (Macintosh; Intel Mac OS X 10_11_4) AppleWebKit/601.5.17 (KHTML, like Gecko) Version/9.1 Safari/601.5.17"
98.19.220.4 - - [02/Sep/2016:23:38:34 -0400] "GET /webwork2/mat125_AB_FA_2016/?key=P66gCncNysYKxd3YjwKXiMgVnPmYEuqV&user=blakee&effectiveUser=blakee HTTP/1.1" 200 4257 "http://webwork.georgetowncollege.edu/webwork2/mat125_AB_FA_2016/mat125hw_1-5/?key=P66gCncNysYKxd3YjwKXiMgVnPmYEuqV&user=blakee&effectiveUser=blakee" "Mozilla/5.0 (Windows NT 10.0; WOW64; rv:47.0) Gecko/20100101 Firefox/47.0"
98.19.220.4 - - [02/Sep/2016:23:38:36 -0400] "GET /webwork2/mat125_AB_FA_2016/mat125hw_1-6/?key=P66gCncNysYKxd3YjwKXiMgVnPmYEuqV&user=blakee&effectiveUser=blakee HTTP/1.1" 200 4415 "http://webwork.georgetowncollege.edu/webwork2/mat125_AB_FA_2016/?key=P66gCncNysYKxd3YjwKXiMgVnPmYEuqV&user=blakee&effectiveUser=blakee" "Mozilla/5.0 (Windows NT 10.0; WOW64; rv:47.0) Gecko/20100101 Firefox/47.0"
98.19.220.4 - - [02/Sep/2016:23:38:37 -0400] "GET /webwork2/mat125_AB_FA_2016/mat125hw_1-5/1/?effectiveUser=harrisons&user=harrisons&key=scuMuZICWDyOoEMmVOrvJGkSL3l6yycL HTTP/1.1" 200 5026 "http://webwork.georgetowncollege.edu/webwork2/mat125_AB_FA_2016/mat125hw_1-5/?key=scuMuZICWDyOoEMmVOrvJGkSL3l6yycL&user=harrisons&effectiveUser=harrisons" "Mozilla/5.0 (Macintosh; Intel Mac OS X 10_11_4) AppleWebKit/601.5.17 (KHTML, like Gecko) Version/9.1 Safari/601.5.17"
98.19.220.4 - - [02/Sep/2016:23:39:18 -0400] "GET /webwork2/mat125_AB_FA_2016/mat125hw_1-5/6/?key=scuMuZICWDyOoEMmVOrvJGkSL3l6yycL&user=harrisons&effectiveUser=harrisons HTTP/1.1" 200 6052 "http://webwork.georgetowncollege.edu/webwork2/mat125_AB_FA_2016/mat125hw_1-5/1/?effectiveUser=harrisons&user=harrisons&key=scuMuZICWDyOoEMmVOrvJGkSL3l6yycL" "Mozilla/5.0 (Macintosh; Intel Mac OS X 10_11_4) AppleWebKit/601.5.17 (KHTML, like Gecko) Version/9.1 Safari/601.5.17"
98.19.220.4 - - [02/Sep/2016:23:40:02 -0400] "POST /webwork2/mat125_AB_FA_2016/mat125hw_1-6/10/ HTTP/1.1" 200 5402 "http://webwork.georgetowncollege.edu/webwork2/mat125_AB_FA_2016/mat125hw_1-6/10/?effectiveUser=bfyates&user=bfyates&key=XXWC1Ird2BCfWJ071VKWFtjbBRTE6jMw" "Mozilla/5.0 (Windows NT 10.0; WOW64) AppleWebKit/537.36 (KHTML, like Gecko) Chrome/52.0.2743.116 Safari/537.36"
98.19.220.4 - - [02/Sep/2016:23:40:28 -0400] "POST /webwork2/mat125_AB_FA_2016/mat125hw_1-5/6/ HTTP/1.1" 200 6441 "http://webwork.georgetowncollege.edu/webwork2/mat125_AB_FA_2016/mat125hw_1-5/6/?key=scuMuZICWDyOoEMmVOrvJGkSL3l6yycL&user=harrisons&effectiveUser=harrisons" "Mozilla/5.0 (Macintosh; Intel Mac OS X 10_11_4) AppleWebKit/601.5.17 (KHTML, like Gecko) Version/9.1 Safari/601.5.17"
98.19.220.4 - - [02/Sep/2016:23:40:31 -0400] "GET /webwork2/mat125_AB_FA_2016/mat125hw_1-5/7/?key=scuMuZICWDyOoEMmVOrvJGkSL3l6yycL&user=harrisons&effectiveUser=harrisons HTTP/1.1" 200 6001 "http://webwork.georgetowncollege.edu/webwork2/mat125_AB_FA_2016/mat125hw_1-5/6/" "Mozilla/5.0 (Macintosh; Intel Mac OS X 10_11_4) AppleWebKit/601.5.17 (KHTML, like Gecko) Version/9.1 Safari/601.5.17"
98.19.220.4 - - [02/Sep/2016:23:41:23 -0400] "GET /webwork2/mat125_AB_FA_2016/mat125hw_1-5/?effectiveUser=harrisons&key=scuMuZICWDyOoEMmVOrvJGkSL3l6yycL&user=harrisons HTTP/1.1" 200 4394 "http://webwork.georgetowncollege.edu/webwork2/mat125_AB_FA_2016/mat125hw_1-5/7/?key=scuMuZICWDyOoEMmVOrvJGkSL3l6yycL&user=harrisons&effectiveUser=harrisons" "Mozilla/5.0 (Macintosh; Intel Mac OS X 10_11_4) AppleWebKit/601.5.17 (KHTML, like Gecko) Version/9.1 Safari/601.5.17"
98.19.220.4 - - [02/Sep/2016:23:41:25 -0400] "GET /webwork2/mat125_AB_FA_2016/mat125hw_1-6/?key=scuMuZICWDyOoEMmVOrvJGkSL3l6yycL&user=harrisons&effectiveUser=harrisons HTTP/1.1" 200 4416 "http://webwork.georgetowncollege.edu/webwork2/mat125_AB_FA_2016/mat125hw_1-5/?effectiveUser=harrisons&key=scuMuZICWDyOoEMmVOrvJGkSL3l6yycL&user=harrisons" "Mozilla/5.0 (Macintosh; Intel Mac OS X 10_11_4) AppleWebKit/601.5.17 (KHTML, like Gecko) Version/9.1 Safari/601.5.17"
98.19.220.4 - - [02/Sep/2016:23:41:33 -0400] "GET /webwork2/mat125_AB_FA_2016/mat125hw_1-6/3/?key=scuMuZICWDyOoEMmVOrvJGkSL3l6yycL&user=harrisons&effectiveUser=harrisons HTTP/1.1" 200 6095 "http://webwork.georgetowncollege.edu/webwork2/mat125_AB_FA_2016/mat125hw_1-6/?key=scuMuZICWDyOoEMmVOrvJGkSL3l6yycL&user=harrisons&effectiveUser=harrisons" "Mozilla/5.0 (Macintosh; Intel Mac OS X 10_11_4) AppleWebKit/601.5.17 (KHTML, like Gecko) Version/9.1 Safari/601.5.17"
98.19.220.4 - - [02/Sep/2016:23:41:37 -0400] "GET /webwork2/mat125_AB_FA_2016/mat125hw_1-6/6/?key=scuMuZICWDyOoEMmVOrvJGkSL3l6yycL&user=harrisons&effectiveUser=harrisons HTTP/1.1" 200 4943 "http://webwork.georgetowncollege.edu/webwork2/mat125_AB_FA_2016/mat125hw_1-6/3/?key=scuMuZICWDyOoEMmVOrvJGkSL3l6yycL&user=harrisons&effectiveUser=harrisons" "Mozilla/5.0 (Macintosh; Intel Mac OS X 10_11_4) AppleWebKit/601.5.17 (KHTML, like Gecko) Version/9.1 Safari/601.5.17"
98.19.220.4 - - [02/Sep/2016:23:42:36 -0400] "POST /webwork2/mat125_AB_FA_2016/mat125hw_1-6/6/ HTTP/1.1" 200 5396 "http://webwork.georgetowncollege.edu/webwork2/mat125_AB_FA_2016/mat125hw_1-6/6/?key=scuMuZICWDyOoEMmVOrvJGkSL3l6yycL&user=harrisons&effectiveUser=harrisons" "Mozilla/5.0 (Macintosh; Intel Mac OS X 10_11_4) AppleWebKit/601.5.17 (KHTML, like Gecko) Version/9.1 Safari/601.5.17"
98.19.220.4 - - [02/Sep/2016:23:42:38 -0400] "GET /webwork2/mat125_AB_FA_2016/mat125hw_1-6/8/?effectiveUser=harrisons&user=harrisons&key=scuMuZICWDyOoEMmVOrvJGkSL3l6yycL HTTP/1.1" 200 4951 "http://webwork.georgetowncollege.edu/webwork2/mat125_AB_FA_2016/mat125hw_1-6/6/" "Mozilla/5.0 (Macintosh; Intel Mac OS X 10_11_4) AppleWebKit/601.5.17 (KHTML, like Gecko) Version/9.1 Safari/601.5.17"
98.19.220.4 - - [02/Sep/2016:23:42:40 -0400] "GET /webwork2/mat125_AB_FA_2016/mat125hw_1-6/9/?effectiveUser=harrisons&key=scuMuZICWDyOoEMmVOrvJGkSL3l6yycL&user=harrisons HTTP/1.1" 200 4939 "http://webwork.georgetowncollege.edu/webwork2/mat125_AB_FA_2016/mat125hw_1-6/8/?effectiveUser=harrisons&user=harrisons&key=scuMuZICWDyOoEMmVOrvJGkSL3l6yycL" "Mozilla/5.0 (Macintosh; Intel Mac OS X 10_11_4) AppleWebKit/601.5.17 (KHTML, like Gecko) Version/9.1 Safari/601.5.17"
98.19.220.4 - - [02/Sep/2016:23:43:13 -0400] "POST /webwork2/mat125_AB_FA_2016/mat125hw_1-6/10/ HTTP/1.1" 200 5439 "http://webwork.georgetowncollege.edu/webwork2/mat125_AB_FA_2016/mat125hw_1-6/10/" "Mozilla/5.0 (Windows NT 10.0; WOW64) AppleWebKit/537.36 (KHTML, like Gecko) Chrome/52.0.2743.116 Safari/537.36"
184.43.108.197 - - [02/Sep/2016:23:43:38 -0400] "GET /webwork2/mat125_AB_FA_2016/mat125hw_1-4/15/?user=bredwoodl&effectiveUser=bredwoodl&key=w6cVr0VYs4fxwb0HuPYdHsL25tUVlc9L HTTP/1.1" 200 3558 "http://webwork.georgetowncollege.edu/webwork2/mat125_AB_FA_2016/mat125hw_1-4/8/?key=w6cVr0VYs4fxwb0HuPYdHsL25tUVlc9L&effectiveUser=bredwoodl&user=bredwoodl" "Mozilla/5.0 (Macintosh; Intel Mac OS X 10_9_5) AppleWebKit/601.7.7 (KHTML, like Gecko) Version/9.1.2 Safari/537.86.7"
162.243.217.41 - - [02/Sep/2016:23:43:44 -0400] "HEAD //webwork2_files/tmp/mat125_AB_FA_2016/images/ae1efeba-97c3-36ee-8b39-d3851bd4c058___d8c63330-1837-380f-b494-822523a31d11.png HTTP/1.1" 200 251 "-" "lwp-request/6.15 libwww-perl/6.15"
184.43.108.197 - - [02/Sep/2016:23:43:43 -0400] "POST /webwork2/mat125_AB_FA_2016/mat125hw_1-4/15/ HTTP/1.1" 200 6345 "http://webwork.georgetowncollege.edu/webwork2/mat125_AB_FA_2016/mat125hw_1-4/15/?user=bredwoodl&effectiveUser=bredwoodl&key=w6cVr0VYs4fxwb0HuPYdHsL25tUVlc9L" "Mozilla/5.0 (Macintosh; Intel Mac OS X 10_9_5) AppleWebKit/601.7.7 (KHTML, like Gecko) Version/9.1.2 Safari/537.86.7"
98.19.220.4 - - [02/Sep/2016:23:44:04 -0400] "POST /webwork2/mat125_AB_FA_2016/mat125hw_1-6/9/ HTTP/1.1" 200 5432 "http://webwork.georgetowncollege.edu/webwork2/mat125_AB_FA_2016/mat125hw_1-6/9/?effectiveUser=harrisons&key=scuMuZICWDyOoEMmVOrvJGkSL3l6yycL&user=harrisons" "Mozilla/5.0 (Macintosh; Intel Mac OS X 10_11_4) AppleWebKit/601.5.17 (KHTML, like Gecko) Version/9.1 Safari/601.5.17"
98.19.220.4 - - [02/Sep/2016:23:44:14 -0400] "POST /webwork2/mat125_AB_FA_2016/mat125hw_1-6/9/ HTTP/1.1" 200 5431 "http://webwork.georgetowncollege.edu/webwork2/mat125_AB_FA_2016/mat125hw_1-6/9/" "Mozilla/5.0 (Macintosh; Intel Mac OS X 10_11_4) AppleWebKit/601.5.17 (KHTML, like Gecko) Version/9.1 Safari/601.5.17"
98.19.220.4 - - [02/Sep/2016:23:44:17 -0400] "GET /webwork2/mat125_AB_FA_2016/mat125hw_1-6/10/?key=scuMuZICWDyOoEMmVOrvJGkSL3l6yycL&user=harrisons&effectiveUser=harrisons HTTP/1.1" 200 5014 "http://webwork.georgetowncollege.edu/webwork2/mat125_AB_FA_2016/mat125hw_1-6/9/" "Mozilla/5.0 (Macintosh; Intel Mac OS X 10_11_4) AppleWebKit/601.5.17 (KHTML, like Gecko) Version/9.1 Safari/601.5.17"
162.243.217.41 - - [02/Sep/2016:23:44:38 -0400] "HEAD //webwork2_files/tmp/mat125_AB_FA_2016/images/ae1efeba-97c3-36ee-8b39-d3851bd4c058___d8c63330-1837-380f-b494-822523a31d11.png HTTP/1.1" 200 251 "-" "lwp-request/6.15 libwww-perl/6.15"
184.43.108.197 - - [02/Sep/2016:23:44:37 -0400] "POST /webwork2/mat125_AB_FA_2016/mat125hw_1-4/15/ HTTP/1.1" 200 6813 "http://webwork.georgetowncollege.edu/webwork2/mat125_AB_FA_2016/mat125hw_1-4/15/" "Mozilla/5.0 (Macintosh; Intel Mac OS X 10_9_5) AppleWebKit/601.7.7 (KHTML, like Gecko) Version/9.1.2 Safari/537.86.7"
162.243.217.41 - - [02/Sep/2016:23:45:04 -0400] "HEAD //webwork2_files/tmp/mat125_AB_FA_2016/images/ae1efeba-97c3-36ee-8b39-d3851bd4c058___d8c63330-1837-380f-b494-822523a31d11.png HTTP/1.1" 200 251 "-" "lwp-request/6.15 libwww-perl/6.15"
184.43.108.197 - - [02/Sep/2016:23:45:04 -0400] "POST /webwork2/mat125_AB_FA_2016/mat125hw_1-4/15/ HTTP/1.1" 200 6806 "http://webwork.georgetowncollege.edu/webwork2/mat125_AB_FA_2016/mat125hw_1-4/15/" "Mozilla/5.0 (Macintosh; Intel Mac OS X 10_9_5) AppleWebKit/601.7.7 (KHTML, like Gecko) Version/9.1.2 Safari/537.86.7"
162.243.217.41 - - [02/Sep/2016:23:45:10 -0400] "HEAD //webwork2_files/tmp/mat125_AB_FA_2016/images/8e5fc192-79cf-36e1-a373-9f45d021cc99___5772960d-a2c1-3321-a798-c205aac9e90a.png HTTP/1.1" 200 251 "-" "lwp-request/6.15 libwww-perl/6.15"
184.43.108.197 - - [02/Sep/2016:23:45:09 -0400] "GET /webwork2/mat125_AB_FA_2016/mat125hw_1-4/16/?key=QnpSSzPYjjO7J9rnAkp3mGq6pkuiCrH7&user=bredwoodl&effectiveUser=bredwoodl HTTP/1.1" 200 6398 "http://webwork.georgetowncollege.edu/webwork2/mat125_AB_FA_2016/mat125hw_1-4/15/" "Mozilla/5.0 (Macintosh; Intel Mac OS X 10_9_5) AppleWebKit/601.7.7 (KHTML, like Gecko) Version/9.1.2 Safari/537.86.7"
184.43.108.197 - - [02/Sep/2016:23:45:10 -0400] "GET /webwork2_files/tmp/mat125_AB_FA_2016/images/8e5fc192-79cf-36e1-a373-9f45d021cc99___5772960d-a2c1-3321-a798-c205aac9e90a.png HTTP/1.1" 200 12035 "http://webwork.georgetowncollege.edu/webwork2/mat125_AB_FA_2016/mat125hw_1-4/16/?key=QnpSSzPYjjO7J9rnAkp3mGq6pkuiCrH7&user=bredwoodl&effectiveUser=bredwoodl" "Mozilla/5.0 (Macintosh; Intel Mac OS X 10_9_5) AppleWebKit/601.7.7 (KHTML, like Gecko) Version/9.1.2 Safari/537.86.7"
162.243.217.41 - - [02/Sep/2016:23:46:48 -0400] "HEAD //webwork2_files/tmp/mat125_AB_FA_2016/images/8e5fc192-79cf-36e1-a373-9f45d021cc99___5772960d-a2c1-3321-a798-c205aac9e90a.png HTTP/1.1" 200 251 "-" "lwp-request/6.15 libwww-perl/6.15"
184.43.108.197 - - [02/Sep/2016:23:46:48 -0400] "POST /webwork2/mat125_AB_FA_2016/mat125hw_1-4/16/ HTTP/1.1" 200 6925 "http://webwork.georgetowncollege.edu/webwork2/mat125_AB_FA_2016/mat125hw_1-4/16/?key=QnpSSzPYjjO7J9rnAkp3mGq6pkuiCrH7&user=bredwoodl&effectiveUser=bredwoodl" "Mozilla/5.0 (Macintosh; Intel Mac OS X 10_9_5) AppleWebKit/601.7.7 (KHTML, like Gecko) Version/9.1.2 Safari/537.86.7"
184.43.108.197 - - [02/Sep/2016:23:46:54 -0400] "GET /webwork2/mat125_AB_FA_2016/mat125hw_1-4/17/?user=bredwoodl&key=QnpSSzPYjjO7J9rnAkp3mGq6pkuiCrH7&effectiveUser=bredwoodl HTTP/1.1" 200 5196 "http://webwork.georgetowncollege.edu/webwork2/mat125_AB_FA_2016/mat125hw_1-4/16/" "Mozilla/5.0 (Macintosh; Intel Mac OS X 10_9_5) AppleWebKit/601.7.7 (KHTML, like Gecko) Version/9.1.2 Safari/537.86.7"
98.19.220.4 - - [02/Sep/2016:23:47:53 -0400] "POST /webwork2/mat125_AB_FA_2016/mat125hw_1-6/8/ HTTP/1.1" 200 5251 "http://webwork.georgetowncollege.edu/webwork2/mat125_AB_FA_2016/mat125hw_1-6/8/" "Mozilla/5.0 (Windows NT 10.0; Win64; x64) AppleWebKit/537.36 (KHTML, like Gecko) Chrome/52.0.2743.116 Safari/537.36"
98.19.220.4 - - [02/Sep/2016:23:47:56 -0400] "GET /webwork2/mat125_AB_FA_2016/mat125hw_1-6/?user=aalvey&effectiveUser=aalvey&key=r5AEegCDE0kuZLlbfjPo1Hl4r0Uf5waC&displayMode=MathJax&showOldAnswers=1 HTTP/1.1" 200 4442 "http://webwork.georgetowncollege.edu/webwork2/mat125_AB_FA_2016/mat125hw_1-6/8/" "Mozilla/5.0 (Windows NT 10.0; Win64; x64) AppleWebKit/537.36 (KHTML, like Gecko) Chrome/52.0.2743.116 Safari/537.36"
98.19.220.4 - - [02/Sep/2016:23:47:59 -0400] "GET /webwork2/mat125_AB_FA_2016/mat125hw_1-6/8/?user=aalvey&key=r5AEegCDE0kuZLlbfjPo1Hl4r0Uf5waC&effectiveUser=aalvey HTTP/1.1" 200 4943 "http://webwork.georgetowncollege.edu/webwork2/mat125_AB_FA_2016/mat125hw_1-6/?user=aalvey&effectiveUser=aalvey&key=r5AEegCDE0kuZLlbfjPo1Hl4r0Uf5waC&displayMode=MathJax&showOldAnswers=1" "Mozilla/5.0 (Windows NT 10.0; Win64; x64) AppleWebKit/537.36 (KHTML, like Gecko) Chrome/52.0.2743.116 Safari/537.36"
98.19.220.4 - - [02/Sep/2016:23:48:01 -0400] "POST /webwork2/mat125_AB_FA_2016/mat125hw_1-6/8/ HTTP/1.1" 200 5365 "http://webwork.georgetowncollege.edu/webwork2/mat125_AB_FA_2016/mat125hw_1-6/8/?user=aalvey&key=r5AEegCDE0kuZLlbfjPo1Hl4r0Uf5waC&effectiveUser=aalvey" "Mozilla/5.0 (Windows NT 10.0; Win64; x64) AppleWebKit/537.36 (KHTML, like Gecko) Chrome/52.0.2743.116 Safari/537.36"
184.43.108.197 - - [02/Sep/2016:23:48:03 -0400] "POST /webwork2/mat125_AB_FA_2016/mat125hw_1-4/17/ HTTP/1.1" 200 5746 "http://webwork.georgetowncollege.edu/webwork2/mat125_AB_FA_2016/mat125hw_1-4/17/?user=bredwoodl&key=QnpSSzPYjjO7J9rnAkp3mGq6pkuiCrH7&effectiveUser=bredwoodl" "Mozilla/5.0 (Macintosh; Intel Mac OS X 10_9_5) AppleWebKit/601.7.7 (KHTML, like Gecko) Version/9.1.2 Safari/537.86.7"
98.19.220.4 - - [02/Sep/2016:23:48:08 -0400] "POST /webwork2/mat125_AB_FA_2016/mat125hw_1-6/8/ HTTP/1.1" 200 5326 "http://webwork.georgetowncollege.edu/webwork2/mat125_AB_FA_2016/mat125hw_1-6/8/" "Mozilla/5.0 (Windows NT 10.0; Win64; x64) AppleWebKit/537.36 (KHTML, like Gecko) Chrome/52.0.2743.116 Safari/537.36"
184.43.108.197 - - [02/Sep/2016:23:48:24 -0400] "POST /webwork2/mat125_AB_FA_2016/mat125hw_1-4/17/ HTTP/1.1" 200 5730 "http://webwork.georgetowncollege.edu/webwork2/mat125_AB_FA_2016/mat125hw_1-4/17/" "Mozilla/5.0 (Macintosh; Intel Mac OS X 10_9_5) AppleWebKit/601.7.7 (KHTML, like Gecko) Version/9.1.2 Safari/537.86.7"
184.43.108.197 - - [02/Sep/2016:23:48:35 -0400] "POST /webwork2/mat125_AB_FA_2016/mat125hw_1-4/17/ HTTP/1.1" 200 5726 "http://webwork.georgetowncollege.edu/webwork2/mat125_AB_FA_2016/mat125hw_1-4/17/" "Mozilla/5.0 (Macintosh; Intel Mac OS X 10_9_5) AppleWebKit/601.7.7 (KHTML, like Gecko) Version/9.1.2 Safari/537.86.7"
184.43.108.197 - - [02/Sep/2016:23:48:40 -0400] "GET /webwork2/mat125_AB_FA_2016/mat125hw_1-4/8/?user=bredwoodl&key=QnpSSzPYjjO7J9rnAkp3mGq6pkuiCrH7&effectiveUser=bredwoodl HTTP/1.1" 200 5138 "http://webwork.georgetowncollege.edu/webwork2/mat125_AB_FA_2016/mat125hw_1-4/17/" "Mozilla/5.0 (Macintosh; Intel Mac OS X 10_9_5) AppleWebKit/601.7.7 (KHTML, like Gecko) Version/9.1.2 Safari/537.86.7"
184.43.108.197 - - [02/Sep/2016:23:49:18 -0400] "GET /webwork2/mat125_AB_FA_2016/mat125hw_1-4/1/?effectiveUser=bredwoodl&user=bredwoodl&key=QnpSSzPYjjO7J9rnAkp3mGq6pkuiCrH7 HTTP/1.1" 200 5527 "http://webwork.georgetowncollege.edu/webwork2/mat125_AB_FA_2016/mat125hw_1-4/8/?user=bredwoodl&key=QnpSSzPYjjO7J9rnAkp3mGq6pkuiCrH7&effectiveUser=bredwoodl" "Mozilla/5.0 (Macintosh; Intel Mac OS X 10_9_5) AppleWebKit/601.7.7 (KHTML, like Gecko) Version/9.1.2 Safari/537.86.7"
184.43.108.197 - - [02/Sep/2016:23:49:21 -0400] "GET /webwork2/mat125_AB_FA_2016/mat125hw_1-4/8/?effectiveUser=bredwoodl&user=bredwoodl&key=QnpSSzPYjjO7J9rnAkp3mGq6pkuiCrH7 HTTP/1.1" 200 5140 "http://webwork.georgetowncollege.edu/webwork2/mat125_AB_FA_2016/mat125hw_1-4/1/?effectiveUser=bredwoodl&user=bredwoodl&key=QnpSSzPYjjO7J9rnAkp3mGq6pkuiCrH7" "Mozilla/5.0 (Macintosh; Intel Mac OS X 10_9_5) AppleWebKit/601.7.7 (KHTML, like Gecko) Version/9.1.2 Safari/537.86.7"
184.43.108.197 - - [02/Sep/2016:23:50:19 -0400] "GET /webwork2/mat125_AB_FA_2016/mat125hw_1-4/10/?key=QnpSSzPYjjO7J9rnAkp3mGq6pkuiCrH7&user=bredwoodl&effectiveUser=bredwoodl HTTP/1.1" 200 5048 "http://webwork.georgetowncollege.edu/webwork2/mat125_AB_FA_2016/mat125hw_1-4/8/?effectiveUser=bredwoodl&user=bredwoodl&key=QnpSSzPYjjO7J9rnAkp3mGq6pkuiCrH7" "Mozilla/5.0 (Macintosh; Intel Mac OS X 10_9_5) AppleWebKit/601.7.7 (KHTML, like Gecko) Version/9.1.2 Safari/537.86.7"
184.43.108.197 - - [02/Sep/2016:23:50:32 -0400] "GET /webwork2/mat125_AB_FA_2016/mat125hw_1-4/11/?user=bredwoodl&key=QnpSSzPYjjO7J9rnAkp3mGq6pkuiCrH7&effectiveUser=bredwoodl HTTP/1.1" 200 5392 "http://webwork.georgetowncollege.edu/webwork2/mat125_AB_FA_2016/mat125hw_1-4/10/?key=QnpSSzPYjjO7J9rnAkp3mGq6pkuiCrH7&user=bredwoodl&effectiveUser=bredwoodl" "Mozilla/5.0 (Macintosh; Intel Mac OS X 10_9_5) AppleWebKit/601.7.7 (KHTML, like Gecko) Version/9.1.2 Safari/537.86.7"
184.43.108.197 - - [02/Sep/2016:23:50:35 -0400] "POST /webwork2/mat125_AB_FA_2016/mat125hw_1-4/11/ HTTP/1.1" 200 6253 "http://webwork.georgetowncollege.edu/webwork2/mat125_AB_FA_2016/mat125hw_1-4/11/?user=bredwoodl&key=QnpSSzPYjjO7J9rnAkp3mGq6pkuiCrH7&effectiveUser=bredwoodl" "Mozilla/5.0 (Macintosh; Intel Mac OS X 10_9_5) AppleWebKit/601.7.7 (KHTML, like Gecko) Version/9.1.2 Safari/537.86.7"
184.43.108.197 - - [02/Sep/2016:23:50:46 -0400] "GET /webwork2/mat125_AB_FA_2016/?showOldAnswers=1&displayMode=MathJax&effectiveUser=bredwoodl&user=bredwoodl&key=QnpSSzPYjjO7J9rnAkp3mGq6pkuiCrH7 HTTP/1.1" 200 4304 "http://webwork.georgetowncollege.edu/webwork2/mat125_AB_FA_2016/mat125hw_1-4/11/" "Mozilla/5.0 (Macintosh; Intel Mac OS X 10_9_5) AppleWebKit/601.7.7 (KHTML, like Gecko) Version/9.1.2 Safari/537.86.7"
184.43.108.197 - - [02/Sep/2016:23:50:50 -0400] "GET /webwork2/mat125_AB_FA_2016/mat125hw_1-6/?key=QnpSSzPYjjO7J9rnAkp3mGq6pkuiCrH7&user=bredwoodl&effectiveUser=bredwoodl HTTP/1.1" 200 4420 "http://webwork.georgetowncollege.edu/webwork2/mat125_AB_FA_2016/?showOldAnswers=1&displayMode=MathJax&effectiveUser=bredwoodl&user=bredwoodl&key=QnpSSzPYjjO7J9rnAkp3mGq6pkuiCrH7" "Mozilla/5.0 (Macintosh; Intel Mac OS X 10_9_5) AppleWebKit/601.7.7 (KHTML, like Gecko) Version/9.1.2 Safari/537.86.7"
184.43.108.197 - - [02/Sep/2016:23:50:57 -0400] "GET /webwork2/mat125_AB_FA_2016/mat125hw_1-5/?user=bredwoodl&key=QnpSSzPYjjO7J9rnAkp3mGq6pkuiCrH7&effectiveUser=bredwoodl HTTP/1.1" 200 4390 "http://webwork.georgetowncollege.edu/webwork2/mat125_AB_FA_2016/mat125hw_1-6/?key=QnpSSzPYjjO7J9rnAkp3mGq6pkuiCrH7&user=bredwoodl&effectiveUser=bredwoodl" "Mozilla/5.0 (Macintosh; Intel Mac OS X 10_9_5) AppleWebKit/601.7.7 (KHTML, like Gecko) Version/9.1.2 Safari/537.86.7"
184.43.108.197 - - [02/Sep/2016:23:51:01 -0400] "GET /webwork2/mat125_AB_FA_2016/mat125hw_1-5/4/?user=bredwoodl&key=QnpSSzPYjjO7J9rnAkp3mGq6pkuiCrH7&effectiveUser=bredwoodl HTTP/1.1" 200 4963 "http://webwork.georgetowncollege.edu/webwork2/mat125_AB_FA_2016/mat125hw_1-5/?user=bredwoodl&key=QnpSSzPYjjO7J9rnAkp3mGq6pkuiCrH7&effectiveUser=bredwoodl" "Mozilla/5.0 (Macintosh; Intel Mac OS X 10_9_5) AppleWebKit/601.7.7 (KHTML, like Gecko) Version/9.1.2 Safari/537.86.7"
184.43.108.197 - - [02/Sep/2016:23:52:54 -0400] "GET /webwork2/mat125_AB_FA_2016/mat125hw_1-5/6/?user=bredwoodl&key=QnpSSzPYjjO7J9rnAkp3mGq6pkuiCrH7&effectiveUser=bredwoodl HTTP/1.1" 200 6023 "http://webwork.georgetowncollege.edu/webwork2/mat125_AB_FA_2016/mat125hw_1-5/4/?user=bredwoodl&key=QnpSSzPYjjO7J9rnAkp3mGq6pkuiCrH7&effectiveUser=bredwoodl" "Mozilla/5.0 (Macintosh; Intel Mac OS X 10_9_5) AppleWebKit/601.7.7 (KHTML, like Gecko) Version/9.1.2 Safari/537.86.7"
184.43.108.197 - - [02/Sep/2016:23:52:59 -0400] "GET /webwork2/mat125_AB_FA_2016/mat125hw_1-5/7/?effectiveUser=bredwoodl&user=bredwoodl&key=QnpSSzPYjjO7J9rnAkp3mGq6pkuiCrH7 HTTP/1.1" 200 6018 "http://webwork.georgetowncollege.edu/webwork2/mat125_AB_FA_2016/mat125hw_1-5/6/?user=bredwoodl&key=QnpSSzPYjjO7J9rnAkp3mGq6pkuiCrH7&effectiveUser=bredwoodl" "Mozilla/5.0 (Macintosh; Intel Mac OS X 10_9_5) AppleWebKit/601.7.7 (KHTML, like Gecko) Version/9.1.2 Safari/537.86.7"
184.43.108.197 - - [02/Sep/2016:23:53:11 -0400] "GET /webwork2/mat125_AB_FA_2016/?key=QnpSSzPYjjO7J9rnAkp3mGq6pkuiCrH7&user=bredwoodl&effectiveUser=bredwoodl HTTP/1.1" 200 4280 "http://webwork.georgetowncollege.edu/webwork2/mat125_AB_FA_2016/mat125hw_1-5/7/?effectiveUser=bredwoodl&user=bredwoodl&key=QnpSSzPYjjO7J9rnAkp3mGq6pkuiCrH7" "Mozilla/5.0 (Macintosh; Intel Mac OS X 10_9_5) AppleWebKit/601.7.7 (KHTML, like Gecko) Version/9.1.2 Safari/537.86.7"
184.43.108.197 - - [02/Sep/2016:23:53:13 -0400] "GET /webwork2/mat125_AB_FA_2016/mat125hw_1-1/?user=bredwoodl&key=QnpSSzPYjjO7J9rnAkp3mGq6pkuiCrH7&effectiveUser=bredwoodl HTTP/1.1" 200 4388 "http://webwork.georgetowncollege.edu/webwork2/mat125_AB_FA_2016/?key=QnpSSzPYjjO7J9rnAkp3mGq6pkuiCrH7&user=bredwoodl&effectiveUser=bredwoodl" "Mozilla/5.0 (Macintosh; Intel Mac OS X 10_9_5) AppleWebKit/601.7.7 (KHTML, like Gecko) Version/9.1.2 Safari/537.86.7"
184.43.108.197 - - [02/Sep/2016:23:53:29 -0400] "GET /webwork2/mat125_AB_FA_2016/mat125hw_1-2/?user=bredwoodl&key=QnpSSzPYjjO7J9rnAkp3mGq6pkuiCrH7&effectiveUser=bredwoodl HTTP/1.1" 200 4388 "http://webwork.georgetowncollege.edu/webwork2/mat125_AB_FA_2016/mat125hw_1-1/?user=bredwoodl&key=QnpSSzPYjjO7J9rnAkp3mGq6pkuiCrH7&effectiveUser=bredwoodl" "Mozilla/5.0 (Macintosh; Intel Mac OS X 10_9_5) AppleWebKit/601.7.7 (KHTML, like Gecko) Version/9.1.2 Safari/537.86.7"
184.43.108.197 - - [02/Sep/2016:23:53:36 -0400] "GET /webwork2/mat125_AB_FA_2016/mat125hw_1-3/?effectiveUser=bredwoodl&key=QnpSSzPYjjO7J9rnAkp3mGq6pkuiCrH7&user=bredwoodl HTTP/1.1" 200 4420 "http://webwork.georgetowncollege.edu/webwork2/mat125_AB_FA_2016/mat125hw_1-2/?user=bredwoodl&key=QnpSSzPYjjO7J9rnAkp3mGq6pkuiCrH7&effectiveUser=bredwoodl" "Mozilla/5.0 (Macintosh; Intel Mac OS X 10_9_5) AppleWebKit/601.7.7 (KHTML, like Gecko) Version/9.1.2 Safari/537.86.7"
184.43.108.197 - - [02/Sep/2016:23:53:54 -0400] "GET /webwork2/mat125_AB_FA_2016/mat125hw_1-4/?user=bredwoodl&key=QnpSSzPYjjO7J9rnAkp3mGq6pkuiCrH7&effectiveUser=bredwoodl HTTP/1.1" 200 4516 "http://webwork.georgetowncollege.edu/webwork2/mat125_AB_FA_2016/mat125hw_1-3/?effectiveUser=bredwoodl&key=QnpSSzPYjjO7J9rnAkp3mGq6pkuiCrH7&user=bredwoodl" "Mozilla/5.0 (Macintosh; Intel Mac OS X 10_9_5) AppleWebKit/601.7.7 (KHTML, like Gecko) Version/9.1.2 Safari/537.86.7"
184.43.108.197 - - [02/Sep/2016:23:54:21 -0400] "GET /webwork2/mat125_AB_FA_2016/mat125hw_1-5/?effectiveUser=bredwoodl&user=bredwoodl&key=QnpSSzPYjjO7J9rnAkp3mGq6pkuiCrH7 HTTP/1.1" 200 4394 "http://webwork.georgetowncollege.edu/webwork2/mat125_AB_FA_2016/mat125hw_1-4/?user=bredwoodl&key=QnpSSzPYjjO7J9rnAkp3mGq6pkuiCrH7&effectiveUser=bredwoodl" "Mozilla/5.0 (Macintosh; Intel Mac OS X 10_9_5) AppleWebKit/601.7.7 (KHTML, like Gecko) Version/9.1.2 Safari/537.86.7"
184.43.108.197 - - [02/Sep/2016:23:54:36 -0400] "GET /webwork2/mat125_AB_FA_2016/mat125hw_1-6/?effectiveUser=bredwoodl&key=QnpSSzPYjjO7J9rnAkp3mGq6pkuiCrH7&user=bredwoodl HTTP/1.1" 200 4423 "http://webwork.georgetowncollege.edu/webwork2/mat125_AB_FA_2016/mat125hw_1-5/?effectiveUser=bredwoodl&user=bredwoodl&key=QnpSSzPYjjO7J9rnAkp3mGq6pkuiCrH7" "Mozilla/5.0 (Macintosh; Intel Mac OS X 10_9_5) AppleWebKit/601.7.7 (KHTML, like Gecko) Version/9.1.2 Safari/537.86.7"
107.77.68.108 - - [02/Sep/2016:23:56:56 -0400] "GET /webwork2/mat125_AB_FA_2016/mat125hw_1-6/?user=aalvey&effectiveUser=aalvey&key=wpS3QHEtSXHt3VcezZ7bEkjsQT7w4euU&displayMode=MathJax&showOldAnswers=1 HTTP/1.1" 200 3483 "http://webwork.georgetowncollege.edu/webwork2/mat125_AB_FA_2016/mat125hw_1-6/10/?key=wpS3QHEtSXHt3VcezZ7bEkjsQT7w4euU&user=aalvey&effectiveUser=aalvey" "Mozilla/5.0 (Linux; Android 7.0; Nexus 6P Build/NRD90M) AppleWebKit/537.36 (KHTML, like Gecko) Chrome/52.0.2743.98 Mobile Safari/537.36"
107.77.68.108 - - [02/Sep/2016:23:56:59 -0400] "POST /webwork2/mat125_AB_FA_2016/mat125hw_1-6/ HTTP/1.1" 200 4433 "http://webwork.georgetowncollege.edu/webwork2/mat125_AB_FA_2016/mat125hw_1-6/?user=aalvey&effectiveUser=aalvey&key=wpS3QHEtSXHt3VcezZ7bEkjsQT7w4euU&displayMode=MathJax&showOldAnswers=1" "Mozilla/5.0 (Linux; Android 7.0; Nexus 6P Build/NRD90M) AppleWebKit/537.36 (KHTML, like Gecko) Chrome/52.0.2743.98 Mobile Safari/537.36"
107.77.68.108 - - [02/Sep/2016:23:57:04 -0400] "GET /webwork2/mat125_AB_FA_2016/mat125hw_1-5/?user=aalvey&key=hB7ko4Vrvx20cUcf9MlTfcawkhCfToG5&effectiveUser=aalvey HTTP/1.1" 200 4380 "http://webwork.georgetowncollege.edu/webwork2/mat125_AB_FA_2016/mat125hw_1-6/" "Mozilla/5.0 (Linux; Android 7.0; Nexus 6P Build/NRD90M) AppleWebKit/537.36 (KHTML, like Gecko) Chrome/52.0.2743.98 Mobile Safari/537.36"
107.77.68.108 - - [02/Sep/2016:23:57:11 -0400] "GET /webwork2/mat125_AB_FA_2016/?user=aalvey&effectiveUser=aalvey&key=hB7ko4Vrvx20cUcf9MlTfcawkhCfToG5 HTTP/1.1" 200 4270 "http://webwork.georgetowncollege.edu/webwork2/mat125_AB_FA_2016/mat125hw_1-5/?user=aalvey&key=hB7ko4Vrvx20cUcf9MlTfcawkhCfToG5&effectiveUser=aalvey" "Mozilla/5.0 (Linux; Android 7.0; Nexus 6P Build/NRD90M) AppleWebKit/537.36 (KHTML, like Gecko) Chrome/52.0.2743.98 Mobile Safari/537.36"
107.77.68.108 - - [02/Sep/2016:23:57:13 -0400] "GET /webwork2/mat125_AB_FA_2016/mat125hw_1-4/?effectiveUser=aalvey&key=hB7ko4Vrvx20cUcf9MlTfcawkhCfToG5&user=aalvey HTTP/1.1" 200 4473 "http://webwork.georgetowncollege.edu/webwork2/mat125_AB_FA_2016/?user=aalvey&effectiveUser=aalvey&key=hB7ko4Vrvx20cUcf9MlTfcawkhCfToG5" "Mozilla/5.0 (Linux; Android 7.0; Nexus 6P Build/NRD90M) AppleWebKit/537.36 (KHTML, like Gecko) Chrome/52.0.2743.98 Mobile Safari/537.36"
107.77.68.108 - - [02/Sep/2016:23:57:17 -0400] "GET /webwork2/mat125_AB_FA_2016/?user=aalvey&effectiveUser=aalvey&key=hB7ko4Vrvx20cUcf9MlTfcawkhCfToG5 HTTP/1.1" 200 4266 "http://webwork.georgetowncollege.edu/webwork2/mat125_AB_FA_2016/mat125hw_1-4/?effectiveUser=aalvey&key=hB7ko4Vrvx20cUcf9MlTfcawkhCfToG5&user=aalvey" "Mozilla/5.0 (Linux; Android 7.0; Nexus 6P Build/NRD90M) AppleWebKit/537.36 (KHTML, like Gecko) Chrome/52.0.2743.98 Mobile Safari/537.36"
107.77.68.108 - - [02/Sep/2016:23:57:20 -0400] "GET /webwork2/mat125_AB_FA_2016/mat125hw_1-3/?effectiveUser=aalvey&user=aalvey&key=hB7ko4Vrvx20cUcf9MlTfcawkhCfToG5 HTTP/1.1" 200 4383 "http://webwork.georgetowncollege.edu/webwork2/mat125_AB_FA_2016/?user=aalvey&effectiveUser=aalvey&key=hB7ko4Vrvx20cUcf9MlTfcawkhCfToG5" "Mozilla/5.0 (Linux; Android 7.0; Nexus 6P Build/NRD90M) AppleWebKit/537.36 (KHTML, like Gecko) Chrome/52.0.2743.98 Mobile Safari/537.36"
107.77.68.108 - - [02/Sep/2016:23:57:23 -0400] "GET /webwork2/mat125_AB_FA_2016/?user=aalvey&effectiveUser=aalvey&key=hB7ko4Vrvx20cUcf9MlTfcawkhCfToG5 HTTP/1.1" 200 4260 "http://webwork.georgetowncollege.edu/webwork2/mat125_AB_FA_2016/mat125hw_1-3/?effectiveUser=aalvey&user=aalvey&key=hB7ko4Vrvx20cUcf9MlTfcawkhCfToG5" "Mozilla/5.0 (Linux; Android 7.0; Nexus 6P Build/NRD90M) AppleWebKit/537.36 (KHTML, like Gecko) Chrome/52.0.2743.98 Mobile Safari/537.36"
107.77.68.108 - - [02/Sep/2016:23:57:24 -0400] "GET /webwork2/mat125_AB_FA_2016/mat125hw_1-2/?effectiveUser=aalvey&user=aalvey&key=hB7ko4Vrvx20cUcf9MlTfcawkhCfToG5 HTTP/1.1" 200 4373 "http://webwork.georgetowncollege.edu/webwork2/mat125_AB_FA_2016/?user=aalvey&effectiveUser=aalvey&key=hB7ko4Vrvx20cUcf9MlTfcawkhCfToG5" "Mozilla/5.0 (Linux; Android 7.0; Nexus 6P Build/NRD90M) AppleWebKit/537.36 (KHTML, like Gecko) Chrome/52.0.2743.98 Mobile Safari/537.36"
107.77.68.108 - - [02/Sep/2016:23:57:27 -0400] "GET /webwork2/mat125_AB_FA_2016/?user=aalvey&effectiveUser=aalvey&key=hB7ko4Vrvx20cUcf9MlTfcawkhCfToG5 HTTP/1.1" 200 4266 "http://webwork.georgetowncollege.edu/webwork2/mat125_AB_FA_2016/mat125hw_1-2/?effectiveUser=aalvey&user=aalvey&key=hB7ko4Vrvx20cUcf9MlTfcawkhCfToG5" "Mozilla/5.0 (Linux; Android 7.0; Nexus 6P Build/NRD90M) AppleWebKit/537.36 (KHTML, like Gecko) Chrome/52.0.2743.98 Mobile Safari/537.36"
107.77.68.108 - - [02/Sep/2016:23:57:29 -0400] "GET /webwork2/mat125_AB_FA_2016/mat125hw_1-1/?effectiveUser=aalvey&key=hB7ko4Vrvx20cUcf9MlTfcawkhCfToG5&user=aalvey HTTP/1.1" 200 4368 "http://webwork.georgetowncollege.edu/webwork2/mat125_AB_FA_2016/?user=aalvey&effectiveUser=aalvey&key=hB7ko4Vrvx20cUcf9MlTfcawkhCfToG5" "Mozilla/5.0 (Linux; Android 7.0; Nexus 6P Build/NRD90M) AppleWebKit/537.36 (KHTML, like Gecko) Chrome/52.0.2743.98 Mobile Safari/537.36"
107.77.68.108 - - [02/Sep/2016:23:57:31 -0400] "GET /webwork2/mat125_AB_FA_2016/?user=aalvey&effectiveUser=aalvey&key=hB7ko4Vrvx20cUcf9MlTfcawkhCfToG5 HTTP/1.1" 200 4265 "http://webwork.georgetowncollege.edu/webwork2/mat125_AB_FA_2016/mat125hw_1-1/?effectiveUser=aalvey&key=hB7ko4Vrvx20cUcf9MlTfcawkhCfToG5&user=aalvey" "Mozilla/5.0 (Linux; Android 7.0; Nexus 6P Build/NRD90M) AppleWebKit/537.36 (KHTML, like Gecko) Chrome/52.0.2743.98 Mobile Safari/537.36"
107.77.68.108 - - [02/Sep/2016:23:57:31 -0400] "GET /webwork2/mat125_AB_FA_2016/?user=aalvey&effectiveUser=aalvey&key=hB7ko4Vrvx20cUcf9MlTfcawkhCfToG5 HTTP/1.1" 200 4264 "http://webwork.georgetowncollege.edu/webwork2/mat125_AB_FA_2016/mat125hw_1-1/?effectiveUser=aalvey&key=hB7ko4Vrvx20cUcf9MlTfcawkhCfToG5&user=aalvey" "Mozilla/5.0 (Linux; Android 7.0; Nexus 6P Build/NRD90M) AppleWebKit/537.36 (KHTML, like Gecko) Chrome/52.0.2743.98 Mobile Safari/537.36"
184.43.108.197 - - [02/Sep/2016:23:58:30 -0400] "GET /webwork2/mat125_AB_FA_2016/?effectiveUser=bredwoodl&key=QnpSSzPYjjO7J9rnAkp3mGq6pkuiCrH7&user=bredwoodl HTTP/1.1" 200 4271 "http://webwork.georgetowncollege.edu/webwork2/mat125_AB_FA_2016/mat125hw_1-6/?effectiveUser=bredwoodl&key=QnpSSzPYjjO7J9rnAkp3mGq6pkuiCrH7&user=bredwoodl" "Mozilla/5.0 (Macintosh; Intel Mac OS X 10_9_5) AppleWebKit/601.7.7 (KHTML, like Gecko) Version/9.1.2 Safari/537.86.7"
98.19.220.4 - - [03/Sep/2016:00:00:13 -0400] "GET /webwork2/mat125_AB_FA_2016/mat125hw_1-1/?effectiveUser=blakee&key=P66gCncNysYKxd3YjwKXiMgVnPmYEuqV&user=blakee HTTP/1.1" 200 4367 "http://webwork.georgetowncollege.edu/webwork2/mat125_AB_FA_2016/mat125hw_1-6/?key=P66gCncNysYKxd3YjwKXiMgVnPmYEuqV&user=blakee&effectiveUser=blakee" "Mozilla/5.0 (Windows NT 10.0; WOW64; rv:47.0) Gecko/20100101 Firefox/47.0"
98.19.220.4 - - [03/Sep/2016:00:00:20 -0400] "GET /webwork2/mat125_AB_FA_2016/mat125hw_1-6/?effectiveUser=blakee&key=P66gCncNysYKxd3YjwKXiMgVnPmYEuqV&user=blakee HTTP/1.1" 200 4407 "http://webwork.georgetowncollege.edu/webwork2/mat125_AB_FA_2016/mat125hw_1-1/?effectiveUser=blakee&key=P66gCncNysYKxd3YjwKXiMgVnPmYEuqV&user=blakee" "Mozilla/5.0 (Windows NT 10.0; WOW64; rv:47.0) Gecko/20100101 Firefox/47.0"
69.23.224.9 - - [03/Sep/2016:01:00:23 -0400] "GET /webwork2/mat125_AB_FA_2016/instructor/setmaker/undefined HTTP/1.1" 200 1093 "http://162.243.217.41/webwork2/mat125_AB_FA_2016/instructor/setmaker/" "Mozilla/5.0 (Macintosh; Intel Mac OS X 10.11; rv:48.0) Gecko/20100101 Firefox/48.0"
69.23.224.9 - - [03/Sep/2016:01:00:24 -0400] "GET /webwork2/mat125_AB_FA_2016/instructor/setmaker/undefined HTTP/1.1" 200 1096 "http://162.243.217.41/webwork2/mat125_AB_FA_2016/instructor/setmaker/" "Mozilla/5.0 (Macintosh; Intel Mac OS X 10.11; rv:48.0) Gecko/20100101 Firefox/48.0"
69.23.224.9 - - [03/Sep/2016:01:00:24 -0400] "GET /webwork2/mat125_AB_FA_2016/instructor/setmaker/undefined HTTP/1.1" 200 1096 "http://162.243.217.41/webwork2/mat125_AB_FA_2016/instructor/setmaker/" "Mozilla/5.0 (Macintosh; Intel Mac OS X 10.11; rv:48.0) Gecko/20100101 Firefox/48.0"
69.23.224.9 - - [03/Sep/2016:01:00:27 -0400] "POST /webwork2/mat125_AB_FA_2016/instructor/setmaker/ HTTP/1.1" 200 53660 "http://162.243.217.41/webwork2/mat125_AB_FA_2016/instructor/setmaker/" "Mozilla/5.0 (Macintosh; Intel Mac OS X 10.11; rv:48.0) Gecko/20100101 Firefox/48.0"
162.243.217.41 - - [03/Sep/2016:01:00:47 -0400] "HEAD //webwork2_files/tmp/mat125_AB_FA_2016/images/2f7b6f1a-2686-360f-b384-17ca72757238___5b8b1a99-e4b0-306b-9349-594b10e43424.png HTTP/1.1" 200 251 "-" "lwp-request/6.15 libwww-perl/6.15"
69.23.224.9 - - [03/Sep/2016:01:00:39 -0400] "POST /webwork2/mat125_AB_FA_2016/instructor/setmaker/ HTTP/1.1" 200 44143 "http://162.243.217.41/webwork2/mat125_AB_FA_2016/instructor/setmaker/" "Mozilla/5.0 (Macintosh; Intel Mac OS X 10.11; rv:48.0) Gecko/20100101 Firefox/48.0"
69.23.224.9 - - [03/Sep/2016:01:00:50 -0400] "GET /webwork2_files/tmp/mat125_AB_FA_2016//gif/1f1ca31d-0b03-3dee-83f6-5aeb005d8813___79a7baf4-1891-3c9d-abc4-d3b45a88b7f7.png HTTP/1.1" 200 4942 "http://162.243.217.41/webwork2/mat125_AB_FA_2016/instructor/setmaker/" "Mozilla/5.0 (Macintosh; Intel Mac OS X 10.11; rv:48.0) Gecko/20100101 Firefox/48.0"
69.23.224.9 - - [03/Sep/2016:01:00:50 -0400] "GET /webwork2_files/tmp/mat125_AB_FA_2016//gif/a252d1e0-61df-305a-96df-3d9ba44591df___7a30251a-ab84-37e0-ab5a-50d5e6f07839.png HTTP/1.1" 200 4565 "http://162.243.217.41/webwork2/mat125_AB_FA_2016/instructor/setmaker/" "Mozilla/5.0 (Macintosh; Intel Mac OS X 10.11; rv:48.0) Gecko/20100101 Firefox/48.0"
162.243.217.41 - - [03/Sep/2016:01:00:58 -0400] "POST /mod_xmlrpc/mod_xmlrpc HTTP/1.1" 200 1503 "-" "SOAP::Lite/Perl/1.17"
69.23.224.9 - - [03/Sep/2016:01:00:57 -0400] "POST /webwork2/instructorXMLHandler HTTP/1.1" 200 465 "http://162.243.217.41/webwork2/mat125_AB_FA_2016/instructor/setmaker/" "Mozilla/5.0 (Macintosh; Intel Mac OS X 10.11; rv:48.0) Gecko/20100101 Firefox/48.0"
162.243.217.41 - - [03/Sep/2016:01:00:58 -0400] "POST /mod_xmlrpc/mod_xmlrpc HTTP/1.1" 200 802 "-" "SOAP::Lite/Perl/1.17"
69.23.224.9 - - [03/Sep/2016:01:00:58 -0400] "POST /webwork2/instructorXMLHandler HTTP/1.1" 200 325 "http://162.243.217.41/webwork2/mat125_AB_FA_2016/instructor/setmaker/" "Mozilla/5.0 (Macintosh; Intel Mac OS X 10.11; rv:48.0) Gecko/20100101 Firefox/48.0"
69.23.224.9 - - [03/Sep/2016:01:01:04 -0400] "GET /webwork2/mat125_AB_FA_2016/instructor/setmaker/undefined HTTP/1.1" 200 1090 "http://162.243.217.41/webwork2/mat125_AB_FA_2016/instructor/setmaker/" "Mozilla/5.0 (Macintosh; Intel Mac OS X 10.11; rv:48.0) Gecko/20100101 Firefox/48.0"
69.23.224.9 - - [03/Sep/2016:01:01:00 -0400] "POST /webwork2/mat125_AB_FA_2016/instructor/setmaker/ HTTP/1.1" 200 32658 "http://162.243.217.41/webwork2/mat125_AB_FA_2016/instructor/setmaker/" "Mozilla/5.0 (Macintosh; Intel Mac OS X 10.11; rv:48.0) Gecko/20100101 Firefox/48.0"
162.243.217.41 - - [03/Sep/2016:01:01:38 -0400] "POST /mod_xmlrpc/mod_xmlrpc HTTP/1.1" 200 1570 "-" "SOAP::Lite/Perl/1.17"
69.23.224.9 - - [03/Sep/2016:01:01:38 -0400] "POST /webwork2/instructorXMLHandler HTTP/1.1" 200 483 "http://162.243.217.41/webwork2/mat125_AB_FA_2016/instructor/setmaker/" "Mozilla/5.0 (Macintosh; Intel Mac OS X 10.11; rv:48.0) Gecko/20100101 Firefox/48.0"
69.23.224.9 - - [03/Sep/2016:01:01:38 -0400] "POST /webwork2/instructorXMLHandler HTTP/1.1" 200 326 "http://162.243.217.41/webwork2/mat125_AB_FA_2016/instructor/setmaker/" "Mozilla/5.0 (Macintosh; Intel Mac OS X 10.11; rv:48.0) Gecko/20100101 Firefox/48.0"
162.243.217.41 - - [03/Sep/2016:01:01:38 -0400] "POST /mod_xmlrpc/mod_xmlrpc HTTP/1.1" 200 803 "-" "SOAP::Lite/Perl/1.17"
69.23.224.9 - - [03/Sep/2016:01:01:50 -0400] "GET /webwork2/mat125_AB_FA_2016/instructor/setmaker/undefined HTTP/1.1" 200 1090 "http://162.243.217.41/webwork2/mat125_AB_FA_2016/instructor/setmaker/" "Mozilla/5.0 (Macintosh; Intel Mac OS X 10.11; rv:48.0) Gecko/20100101 Firefox/48.0"
162.243.217.41 - - [03/Sep/2016:01:02:02 -0400] "HEAD //webwork2_files/tmp/mat125_AB_FA_2016/images/674cd8f5-b404-3476-9bff-d16335829281___e183bc33-975b-357b-8b23-d7ab5641846f.png HTTP/1.1" 200 250 "-" "lwp-request/6.15 libwww-perl/6.15"
162.243.217.41 - - [03/Sep/2016:01:02:03 -0400] "HEAD /webwork2_files/applets/trigSubWW.swf HTTP/1.1" 200 271 "-" "lwp-request/6.15 libwww-perl/6.15"
162.243.217.41 - - [03/Sep/2016:01:02:03 -0400] "HEAD //webwork2_files/tmp/mat125_AB_FA_2016/images/c84ebbff-d4de-3051-aca3-346fb14e5f6e___c68b9422-16f4-3ba2-88e1-646e2abf1117.png HTTP/1.1" 200 251 "-" "lwp-request/6.15 libwww-perl/6.15"
162.243.217.41 - - [03/Sep/2016:01:02:11 -0400] "HEAD //webwork2_files/tmp/mat125_AB_FA_2016/images/f98c6ef6-3d75-3e09-b370-c718ae867369___3b1a6265-f054-3b58-96c5-2e5ec5ae9ba0.png HTTP/1.1" 200 251 "-" "lwp-request/6.15 libwww-perl/6.15"
162.243.217.41 - - [03/Sep/2016:01:02:11 -0400] "HEAD //webwork2_files/tmp/mat125_AB_FA_2016/images/8301c51b-79b7-35be-ba5e-3021e4a36e2a___a28413c7-d2b7-36c7-924d-a9f717a4f332.gif HTTP/1.1" 200 251 "-" "lwp-request/6.15 libwww-perl/6.15"
162.243.217.41 - - [03/Sep/2016:01:02:11 -0400] "HEAD //webwork2_files/tmp/mat125_AB_FA_2016/images/b00f4eea-ca99-301e-b527-7e95e4eada82___737da7b2-3c36-368a-bfb4-e8d7cf7c8884.gif HTTP/1.1" 200 250 "-" "lwp-request/6.15 libwww-perl/6.15"
162.243.217.41 - - [03/Sep/2016:01:02:12 -0400] "HEAD //webwork2_files/tmp/mat125_AB_FA_2016/images/d425d4cd-81df-3479-9a2b-f890828f3f9f___91e2111c-01ba-3555-80bb-b9616f1d8738.gif HTTP/1.1" 200 250 "-" "lwp-request/6.15 libwww-perl/6.15"
162.243.217.41 - - [03/Sep/2016:01:02:12 -0400] "HEAD //webwork2_files/tmp/mat125_AB_FA_2016/images/105f5fd1-9670-3646-8562-c78c1e5ac9db___06b43a55-cb42-38c2-bc2b-4fe8916b401d.gif HTTP/1.1" 200 251 "-" "lwp-request/6.15 libwww-perl/6.15"
162.243.217.41 - - [03/Sep/2016:01:02:12 -0400] "HEAD //webwork2_files/tmp/mat125_AB_FA_2016/images/b9f43e09-f773-33f8-a51e-f5a0ecc5ecd8___47afcf2b-b3bb-317f-9539-6ad508a23a90.gif HTTP/1.1" 200 251 "-" "lwp-request/6.15 libwww-perl/6.15"
162.243.217.41 - - [03/Sep/2016:01:02:13 -0400] "HEAD //webwork2_files/tmp/mat125_AB_FA_2016/images/3fbc07c5-ddb0-3f0d-9060-edf1e47f4a65___edcf61b2-5519-3dc4-b278-247f8afd5eed.gif HTTP/1.1" 200 250 "-" "lwp-request/6.15 libwww-perl/6.15"
162.243.217.41 - - [03/Sep/2016:01:02:13 -0400] "HEAD //webwork2_files/tmp/mat125_AB_FA_2016/images/c6a9383b-1974-3c3a-87ad-e29d99bbcfd9___40e6ba90-c11e-3c50-b14d-355370f3dc0e.gif HTTP/1.1" 200 251 "-" "lwp-request/6.15 libwww-perl/6.15"
69.23.224.9 - - [03/Sep/2016:01:01:42 -0400] "POST /webwork2/mat125_AB_FA_2016/instructor/setmaker/ HTTP/1.1" 200 61909 "http://162.243.217.41/webwork2/mat125_AB_FA_2016/instructor/setmaker/" "Mozilla/5.0 (Macintosh; Intel Mac OS X 10.11; rv:48.0) Gecko/20100101 Firefox/48.0"
69.23.224.9 - - [03/Sep/2016:01:02:15 -0400] "GET /webwork2_files/tmp/mat125_AB_FA_2016//gif/9fb8266e-ccb8-36e5-98a8-14fa6807e287___9355ba31-f6a2-315e-86e8-1842b994a04f.png HTTP/1.1" 200 4891 "http://162.243.217.41/webwork2/mat125_AB_FA_2016/instructor/setmaker/" "Mozilla/5.0 (Macintosh; Intel Mac OS X 10.11; rv:48.0) Gecko/20100101 Firefox/48.0"
69.23.224.9 - - [03/Sep/2016:01:02:15 -0400] "GET /webwork2_files/tmp/mat125_AB_FA_2016//gif/c8c85188-2240-3661-bba6-0e655c4ee5e4___e1af04eb-8cf8-3d5c-bd59-72909825b16b.png HTTP/1.1" 200 4166 "http://162.243.217.41/webwork2/mat125_AB_FA_2016/instructor/setmaker/" "Mozilla/5.0 (Macintosh; Intel Mac OS X 10.11; rv:48.0) Gecko/20100101 Firefox/48.0"
69.23.224.9 - - [03/Sep/2016:01:02:15 -0400] "GET /webwork2_files/tmp/mat125_AB_FA_2016/images/f98c6ef6-3d75-3e09-b370-c718ae867369___3b1a6265-f054-3b58-96c5-2e5ec5ae9ba0.png HTTP/1.1" 200 16725 "http://162.243.217.41/webwork2/mat125_AB_FA_2016/instructor/setmaker/" "Mozilla/5.0 (Macintosh; Intel Mac OS X 10.11; rv:48.0) Gecko/20100101 Firefox/48.0"
69.23.224.9 - - [03/Sep/2016:01:02:15 -0400] "GET /webwork2_files/tmp/mat125_AB_FA_2016/images/8301c51b-79b7-35be-ba5e-3021e4a36e2a___a28413c7-d2b7-36c7-924d-a9f717a4f332.gif HTTP/1.1" 200 18070 "http://162.243.217.41/webwork2/mat125_AB_FA_2016/instructor/setmaker/" "Mozilla/5.0 (Macintosh; Intel Mac OS X 10.11; rv:48.0) Gecko/20100101 Firefox/48.0"
69.23.224.9 - - [03/Sep/2016:01:02:15 -0400] "GET /webwork2_files/tmp/mat125_AB_FA_2016/images/b00f4eea-ca99-301e-b527-7e95e4eada82___737da7b2-3c36-368a-bfb4-e8d7cf7c8884.gif HTTP/1.1" 200 6190 "http://162.243.217.41/webwork2/mat125_AB_FA_2016/instructor/setmaker/" "Mozilla/5.0 (Macintosh; Intel Mac OS X 10.11; rv:48.0) Gecko/20100101 Firefox/48.0"
69.23.224.9 - - [03/Sep/2016:01:02:15 -0400] "GET /webwork2_files/tmp/mat125_AB_FA_2016/images/d425d4cd-81df-3479-9a2b-f890828f3f9f___91e2111c-01ba-3555-80bb-b9616f1d8738.gif HTTP/1.1" 200 7402 "http://162.243.217.41/webwork2/mat125_AB_FA_2016/instructor/setmaker/" "Mozilla/5.0 (Macintosh; Intel Mac OS X 10.11; rv:48.0) Gecko/20100101 Firefox/48.0"
69.23.224.9 - - [03/Sep/2016:01:02:15 -0400] "GET /webwork2_files/tmp/mat125_AB_FA_2016/images/105f5fd1-9670-3646-8562-c78c1e5ac9db___06b43a55-cb42-38c2-bc2b-4fe8916b401d.gif HTTP/1.1" 200 35080 "http://162.243.217.41/webwork2/mat125_AB_FA_2016/instructor/setmaker/" "Mozilla/5.0 (Macintosh; Intel Mac OS X 10.11; rv:48.0) Gecko/20100101 Firefox/48.0"
69.23.224.9 - - [03/Sep/2016:01:02:15 -0400] "GET /webwork2_files/tmp/mat125_AB_FA_2016/images/c6a9383b-1974-3c3a-87ad-e29d99bbcfd9___40e6ba90-c11e-3c50-b14d-355370f3dc0e.gif HTTP/1.1" 200 16544 "http://162.243.217.41/webwork2/mat125_AB_FA_2016/instructor/setmaker/" "Mozilla/5.0 (Macintosh; Intel Mac OS X 10.11; rv:48.0) Gecko/20100101 Firefox/48.0"
69.23.224.9 - - [03/Sep/2016:01:02:15 -0400] "GET /webwork2_files/tmp/mat125_AB_FA_2016/images/3fbc07c5-ddb0-3f0d-9060-edf1e47f4a65___edcf61b2-5519-3dc4-b278-247f8afd5eed.gif HTTP/1.1" 200 9893 "http://162.243.217.41/webwork2/mat125_AB_FA_2016/instructor/setmaker/" "Mozilla/5.0 (Macintosh; Intel Mac OS X 10.11; rv:48.0) Gecko/20100101 Firefox/48.0"
69.23.224.9 - - [03/Sep/2016:01:02:16 -0400] "GET /webwork2_files/tmp/mat125_AB_FA_2016/images/b9f43e09-f773-33f8-a51e-f5a0ecc5ecd8___47afcf2b-b3bb-317f-9539-6ad508a23a90.gif HTTP/1.1" 200 21360 "http://162.243.217.41/webwork2/mat125_AB_FA_2016/instructor/setmaker/" "Mozilla/5.0 (Macintosh; Intel Mac OS X 10.11; rv:48.0) Gecko/20100101 Firefox/48.0"
69.23.224.9 - - [03/Sep/2016:01:06:54 -0400] "GET /webwork2/mat125_AB_FA_2016/logout/?user=hwhite0&key=QtNRVyeQuX0A8CZmfYeiuEdcpiZKD5i5&effectiveUser=hwhite0 HTTP/1.1" 200 3154 "http://162.243.217.41/webwork2/mat125_AB_FA_2016/instructor/setmaker/" "Mozilla/5.0 (Macintosh; Intel Mac OS X 10.11; rv:48.0) Gecko/20100101 Firefox/48.0"
69.23.224.9 - - [03/Sep/2016:01:24:33 -0400] "GET /webwork2/?user=hwhite0&effectiveUser=hwhite0&key=QtNRVyeQuX0A8CZmfYeiuEdcpiZKD5i5 HTTP/1.1" 200 3067 "http://162.243.217.41/webwork2/mat125_AB_FA_2016/logout/?user=hwhite0&key=QtNRVyeQuX0A8CZmfYeiuEdcpiZKD5i5&effectiveUser=hwhite0" "Mozilla/5.0 (Macintosh; Intel Mac OS X 10.11; rv:48.0) Gecko/20100101 Firefox/48.0"
69.23.224.9 - - [03/Sep/2016:01:24:37 -0400] "GET /webwork2/mat125_AB_FA_2016/ HTTP/1.1" 200 3317 "http://162.243.217.41/webwork2/?user=hwhite0&effectiveUser=hwhite0&key=QtNRVyeQuX0A8CZmfYeiuEdcpiZKD5i5" "Mozilla/5.0 (Macintosh; Intel Mac OS X 10.11; rv:48.0) Gecko/20100101 Firefox/48.0"
69.23.224.9 - - [03/Sep/2016:01:24:37 -0400] "GET /webwork2/mat125_AB_FA_2016/undefined HTTP/1.1" 200 3346 "http://162.243.217.41/webwork2/mat125_AB_FA_2016/" "Mozilla/5.0 (Macintosh; Intel Mac OS X 10.11; rv:48.0) Gecko/20100101 Firefox/48.0"
69.23.224.9 - - [03/Sep/2016:01:24:38 -0400] "GET /webwork2/mat125_AB_FA_2016/undefined HTTP/1.1" 200 3347 "http://162.243.217.41/webwork2/mat125_AB_FA_2016/" "Mozilla/5.0 (Macintosh; Intel Mac OS X 10.11; rv:48.0) Gecko/20100101 Firefox/48.0"
69.23.224.9 - - [03/Sep/2016:01:24:38 -0400] "GET /webwork2/mat125_AB_FA_2016/undefined HTTP/1.1" 200 3346 "http://162.243.217.41/webwork2/mat125_AB_FA_2016/" "Mozilla/5.0 (Macintosh; Intel Mac OS X 10.11; rv:48.0) Gecko/20100101 Firefox/48.0"
69.23.224.9 - - [03/Sep/2016:01:24:45 -0400] "GET /webwork2/mat125_AB_FA_2016/undefined HTTP/1.1" 200 3347 "http://162.243.217.41/webwork2/mat125_AB_FA_2016/" "Mozilla/5.0 (Macintosh; Intel Mac OS X 10.11; rv:48.0) Gecko/20100101 Firefox/48.0"
69.23.224.9 - - [03/Sep/2016:01:24:50 -0400] "GET /webwork2/mat125_AB_FA_2016/undefined HTTP/1.1" 200 3347 "http://162.243.217.41/webwork2/mat125_AB_FA_2016/" "Mozilla/5.0 (Macintosh; Intel Mac OS X 10.11; rv:48.0) Gecko/20100101 Firefox/48.0"
69.23.224.9 - - [03/Sep/2016:01:24:51 -0400] "POST /webwork2/mat125_AB_FA_2016/ HTTP/1.1" 200 3420 "http://162.243.217.41/webwork2/mat125_AB_FA_2016/" "Mozilla/5.0 (Macintosh; Intel Mac OS X 10.11; rv:48.0) Gecko/20100101 Firefox/48.0"
69.23.224.9 - - [03/Sep/2016:01:24:51 -0400] "GET /webwork2/mat125_AB_FA_2016/undefined HTTP/1.1" 200 3346 "http://162.243.217.41/webwork2/mat125_AB_FA_2016/" "Mozilla/5.0 (Macintosh; Intel Mac OS X 10.11; rv:48.0) Gecko/20100101 Firefox/48.0"
69.23.224.9 - - [03/Sep/2016:01:24:52 -0400] "GET /webwork2/mat125_AB_FA_2016/undefined HTTP/1.1" 200 3347 "http://162.243.217.41/webwork2/mat125_AB_FA_2016/" "Mozilla/5.0 (Macintosh; Intel Mac OS X 10.11; rv:48.0) Gecko/20100101 Firefox/48.0"
69.23.224.9 - - [03/Sep/2016:01:25:00 -0400] "GET /webwork2/mat125_AB_FA_2016/undefined HTTP/1.1" 200 3347 "http://162.243.217.41/webwork2/mat125_AB_FA_2016/" "Mozilla/5.0 (Macintosh; Intel Mac OS X 10.11; rv:48.0) Gecko/20100101 Firefox/48.0"
69.23.224.9 - - [03/Sep/2016:01:25:01 -0400] "POST /webwork2/mat125_AB_FA_2016/ HTTP/1.1" 200 3420 "http://162.243.217.41/webwork2/mat125_AB_FA_2016/" "Mozilla/5.0 (Macintosh; Intel Mac OS X 10.11; rv:48.0) Gecko/20100101 Firefox/48.0"
69.23.224.9 - - [03/Sep/2016:01:25:01 -0400] "GET /webwork2/mat125_AB_FA_2016/undefined HTTP/1.1" 200 3346 "http://162.243.217.41/webwork2/mat125_AB_FA_2016/" "Mozilla/5.0 (Macintosh; Intel Mac OS X 10.11; rv:48.0) Gecko/20100101 Firefox/48.0"
69.23.224.9 - - [03/Sep/2016:01:25:03 -0400] "GET /webwork2/mat125_AB_FA_2016/undefined HTTP/1.1" 200 3347 "http://162.243.217.41/webwork2/mat125_AB_FA_2016/" "Mozilla/5.0 (Macintosh; Intel Mac OS X 10.11; rv:48.0) Gecko/20100101 Firefox/48.0"
69.23.224.9 - - [03/Sep/2016:01:25:12 -0400] "GET /webwork2/mat125_AB_FA_2016/undefined HTTP/1.1" 200 3347 "http://162.243.217.41/webwork2/mat125_AB_FA_2016/" "Mozilla/5.0 (Macintosh; Intel Mac OS X 10.11; rv:48.0) Gecko/20100101 Firefox/48.0"
69.23.224.9 - - [03/Sep/2016:01:25:13 -0400] "GET /webwork2/mat125_AB_FA_2016/undefined HTTP/1.1" 200 3347 "http://162.243.217.41/webwork2/mat125_AB_FA_2016/" "Mozilla/5.0 (Macintosh; Intel Mac OS X 10.11; rv:48.0) Gecko/20100101 Firefox/48.0"
69.23.224.9 - - [03/Sep/2016:01:25:14 -0400] "GET /webwork2/mat125_AB_FA_2016/undefined HTTP/1.1" 200 3347 "http://162.243.217.41/webwork2/mat125_AB_FA_2016/" "Mozilla/5.0 (Macintosh; Intel Mac OS X 10.11; rv:48.0) Gecko/20100101 Firefox/48.0"
69.23.224.9 - - [03/Sep/2016:01:25:17 -0400] "GET /webwork2/mat125_AB_FA_2016/undefined HTTP/1.1" 200 3347 "http://162.243.217.41/webwork2/mat125_AB_FA_2016/" "Mozilla/5.0 (Macintosh; Intel Mac OS X 10.11; rv:48.0) Gecko/20100101 Firefox/48.0"
